{
  "timestamp_utc": "2026-09-04T21:26:39.499701+00:00",
  "python": "3.11.14",
  "platform": "Linux-6.17.0-29-generic-x86_64-with-glibc2.39",
  "torch": "2.13.0+cu126",
  "torchvision": "0.28.0+cu126",
  "numpy": "1.26.4",
  "sklearn": "1.9.0",
  "cuda_available": true,
  "gpu": "NVIDIA GeForce RTX 4090",
  "cudnn_deterministic": false
}
--- training inception_v3 seed67 ---
    -> val_acc=0.8016 val_auc=0.9008 (0.6 min)
--- training inception_v3 seed1234 ---
    -> val_acc=0.8249 val_auc=0.9097 (0.3 min)
--- training inception_v3 seed2025 ---
    -> val_acc=0.7821 val_auc=0.8512 (0.6 min)
--- training vgg19 seed67 ---
    -> val_acc=0.7393 val_auc=0.8261 (1.2 min)
--- training vgg19 seed1234 ---
    -> val_acc=0.7665 val_auc=0.8343 (0.7 min)
--- training vgg19 seed2025 ---
    -> val_acc=0.7549 val_auc=0.7509 (1.1 min)
--- training resnet18 seed67 ---
    -> val_acc=0.7938 val_auc=0.8995 (0.3 min)
--- training resnet18 seed1234 ---
    -> val_acc=0.8093 val_auc=0.8841 (0.3 min)
--- training resnet18 seed2025 ---
    -> val_acc=0.7977 val_auc=0.8742 (0.3 min)
--- training resnet50 seed67 ---
    -> val_acc=0.7743 val_auc=0.8566 (0.3 min)
--- training resnet50 seed1234 ---
    -> val_acc=0.8638 val_auc=0.9292 (0.3 min)
--- training resnet50 seed2025 ---
    -> val_acc=0.7938 val_auc=0.8896 (0.6 min)
--- training resnet101 seed67 ---
    -> val_acc=0.7743 val_auc=0.8708 (0.6 min)
--- training resnet101 seed1234 ---
    -> val_acc=0.7860 val_auc=0.8720 (0.9 min)
--- training resnet101 seed2025 ---
    -> val_acc=0.8016 val_auc=0.8794 (0.6 min)
--- training efficientnet_b0 seed67 ---
    -> val_acc=0.8599 val_auc=0.9206 (0.4 min)
--- training efficientnet_b0 seed1234 ---
    -> val_acc=0.8093 val_auc=0.8832 (0.3 min)
--- training efficientnet_b0 seed2025 ---
    -> val_acc=0.8521 val_auc=0.9235 (0.4 min)
--- training efficientnet_b1 seed67 ---
    -> val_acc=0.8521 val_auc=0.9300 (0.4 min)
--- training efficientnet_b1 seed1234 ---
    -> val_acc=0.8171 val_auc=0.9028 (0.3 min)
--- training efficientnet_b1 seed2025 ---
    -> val_acc=0.8444 val_auc=0.9178 (0.5 min)
--- training efficientnet_b2 seed67 ---
    -> val_acc=0.8171 val_auc=0.8708 (0.4 min)
--- training efficientnet_b2 seed1234 ---
    -> val_acc=0.8482 val_auc=0.9178 (0.3 min)
--- training efficientnet_b2 seed2025 ---
    -> val_acc=0.8444 val_auc=0.9134 (0.4 min)
--- training efficientnet_b3 seed67 ---
    -> val_acc=0.7938 val_auc=0.8817 (0.4 min)
--- training efficientnet_b3 seed1234 ---
    -> val_acc=0.8405 val_auc=0.9119 (0.5 min)
--- training efficientnet_b3 seed2025 ---
    -> val_acc=0.8366 val_auc=0.8868 (0.5 min)
--- training efficientnet_b4 seed67 ---
    -> val_acc=0.8444 val_auc=0.8990 (0.8 min)
--- training efficientnet_b4 seed1234 ---
    -> val_acc=0.8249 val_auc=0.8934 (1.0 min)
--- training efficientnet_b4 seed2025 ---
    -> val_acc=0.8405 val_auc=0.9089 (0.8 min)
--- training efficientnet_b5 seed67 ---
    -> val_acc=0.7432 val_auc=0.7978 (0.9 min)
--- training efficientnet_b5 seed1234 ---
    -> val_acc=0.7899 val_auc=0.8579 (1.1 min)
--- training efficientnet_b5 seed2025 ---
    -> val_acc=0.7743 val_auc=0.8560 (0.8 min)
--- training densenet121 seed67 ---
    -> val_acc=0.8599 val_auc=0.9274 (0.4 min)
--- training densenet121 seed1234 ---
    -> val_acc=0.8249 val_auc=0.9102 (0.5 min)
--- training densenet121 seed2025 ---
    -> val_acc=0.8210 val_auc=0.8846 (0.5 min)
--- training densenet201 seed67 ---
    -> val_acc=0.8249 val_auc=0.8915 (0.6 min)
--- training densenet201 seed1234 ---
    -> val_acc=0.8171 val_auc=0.8843 (0.7 min)
--- training densenet201 seed2025 ---
    -> val_acc=0.7588 val_auc=0.8269 (1.2 min)

sweep written to /home/tianxi-liang/TianxiLiang/research/china/SPL-Models/revision_v2/results/locked_sweep_results.json

=== architecture ranking by MEAN internal-validation accuracy (external data never seen) ===
  efficientnet_b0    mean_val_acc=0.8405 sd=0.0222 n_seeds=3
  efficientnet_b1    mean_val_acc=0.8379 sd=0.0150 n_seeds=3
  efficientnet_b2    mean_val_acc=0.8366 sd=0.0138 n_seeds=3
  efficientnet_b4    mean_val_acc=0.8366 sd=0.0084 n_seeds=3
  densenet121        mean_val_acc=0.8353 sd=0.0175 n_seeds=3
  efficientnet_b3    mean_val_acc=0.8236 sd=0.0212 n_seeds=3
  resnet50           mean_val_acc=0.8106 sd=0.0384 n_seeds=3
  inception_v3       mean_val_acc=0.8029 sd=0.0175 n_seeds=3
  resnet18           mean_val_acc=0.8003 sd=0.0066 n_seeds=3
  densenet201        mean_val_acc=0.8003 sd=0.0295 n_seeds=3
  resnet101          mean_val_acc=0.7873 sd=0.0112 n_seeds=3
  efficientnet_b5    mean_val_acc=0.7691 sd=0.0194 n_seeds=3
  vgg19              mean_val_acc=0.7536 sd=0.0112 n_seeds=3

SELECTED (internal val only): efficientnet_b0 seed=67

=== external evaluation, performed once, after selection ===
{
  "internal_val": {
    "auc": 0.9205566097406703,
    "ap": 0.9487367461355867,
    "acc": 0.8599221789548668,
    "prec": 0.8695652173372941,
    "recall": 0.9032258063933403,
    "spec": 0.7941176469809689,
    "ppv": 0.8695652173372941,
    "npv": 0.8437499999121094,
    "sens_at_spec95": 0.6774193548387096
  },
  "external_test1": {
    "auc": 0.8930575035063114,
    "ap": 0.9251949743286343,
    "acc": 0.7777777777057614,
    "prec": 0.7714285713183674,
    "recall": 0.8709677417950052,
    "spec": 0.6521739129017013,
    "ppv": 0.7714285713183674,
    "npv": 0.7894736840027701,
    "sens_at_spec95": 0.6612903225806451
  },
  "external_test2": {
    "auc": 0.8717523493642897,
    "ap": 0.9451339382789191,
    "acc": 0.7872340424694433,
    "prec": 0.8405797100231045,
    "recall": 0.8656716416618402,
    "spec": 0.5925925923731138,
    "ppv": 0.8405797100231045,
    "npv": 0.639999999744,
    "sens_at_spec95": 0.5970149253731343
  }
}

wrote /home/tianxi-liang/TianxiLiang/research/china/SPL-Models/revision_v2/results/locked_selection_and_external.json
